[2026-10-10 08:09:59.787] [info] [asset-profile] kind=0 path=ChrononTemplate/catalog/maps/samples/nasa_blue_marble_august_plate.jpg bytes=347208 cache=miss invalidated=0 stat=0.01ms hash=4.02ms hashed_bytes=347208 total=4.11ms
[2026-10-10 08:09:59.787] [info] [asset-digest-cache] hits=0 misses=1 invalidations=0 bytes_hashed=347208 lookup_ms=0.00 write_ms=0.00 full_hash_ms=4.02
[2026-10-10 08:09:59.787] [info] [plan-profile] read=0.07ms parse=0.06ms decode=6.28ms resolver=0.02ms compile_validate=4.48ms total=10.93ms
[2026-10-10 08:09:59.787] [info] [asset-profile] kind=0 path=ChrononTemplate/catalog/maps/samples/nasa_blue_marble_august_plate.jpg bytes=347208 cache=hit invalidated=0 stat=0.01ms hash=0.00ms hashed_bytes=0 total=0.06ms
[2026-10-10 08:09:59.787] [info] [asset-digest-cache] hits=1 misses=0 invalidations=0 bytes_hashed=0 lookup_ms=0.00 write_ms=0.00 full_hash_ms=0.00
[2026-10-10 08:09:59.787] [info] [plan-compile-profile] assets=0.11ms fingerprint=0.03ms media_resolution=0.00ms materialize=0.00ms composition_compile=0.00ms compatibility_view=0.01ms total=0.27ms
[2026-10-10 08:09:59.787] [info] [video] Auto-selecting yuv420p pipe pixel format for 1920x1080 output
[2026-10-10 08:09:59.788] [info] [video] DirectYUV composition classification rejected the candidate: no video background for DirectYUV
[2026-10-10 08:09:59.788] [info] [video] execution plan resolved (reason: direct_yuv_capability_rejected); decode=1 composite=2 encode=1 interop=2 handoff=1 codec=3
[2026-10-10 08:09:59.807] [info] [video-runtime] created persistent runtime for device 0 (CUDA ordinal 0)
[2026-10-10 08:09:59.807] [info] [video] encoder feed capability: host_frame=false direct_yuv=false native_surface=true
[2026-10-10 08:10:00.134] [info] [native_av] CUDA context contract: native=0x55fa1cdb5440 ffmpeg=0x55fa1cdb5440
[2026-10-10 08:10:00.148] [info] [native_av] NVENC tuning applied: rc=driver-default preset=slow async_depth=4 nvenc_surfaces=8 qp=-1 bitrate=0
[h264_nvenc @ 0x55fa1cd82b00] Defined rc_lookahead requires more surfaces, increasing used surfaces 8 -> 34
[2026-10-10 08:10:00.260] [info] [native_av] encoder bitstream contract: codec=27 profile=100 level=-99 pix_fmt=119 parameter_sets=50 materialized=true
[2026-10-10 08:10:00.260] [info] [native_av] Opened native encoder: 1920x1080 @ 30fps, codec=h264_nvenc, rc=driver-default, preset=slow, output='ChrononTemplate/catalog/maps/samples/nasa_blue_marble_august_gpu.partial.mp4'
[2026-10-10 08:10:01.382] [info] ImageCache: loaded 'ChrononTemplate/catalog/maps/samples/nasa_blue_marble_august_plate.jpg' (1920x1080) in 512.223ms
[2026-10-10 08:10:01.689] [info] [pool-warm] Pre-allocated and pre-imported 6 execution slots (1920x1080) for native NVENC
[2026-10-10 08:10:01.849] [info] [temp-lifetime] frame=0 after_level=0 live=[0,1,] retired=[]
[2026-10-10 08:10:01.850] [info] [exec-level-diag] frame=0 level=0 nodes=2 input_ms=0.002 dispatch_ms=4.546 fb_release_ms=0.001
[2026-10-10 08:10:01.850] [info] [graph-edge] frame=0 level=1 consumer_id=2 input_index=0 producer_id=0 producer_level=0
[2026-10-10 08:10:01.850] [info] [graph-edge] frame=0 level=1 consumer_id=2 input_index=1 producer_id=1 producer_level=0
[2026-10-10 08:10:01.850] [info] [temp-lifetime] frame=0 after_level=1 live=[2,] retired=[0,1,]
[2026-10-10 08:10:01.850] [info] [exec-level-diag] frame=0 level=1 nodes=1 input_ms=0.013 dispatch_ms=0.090 fb_release_ms=0.003
[2026-10-10 08:10:01.850] [info] [video] Exporting via Arena-backed SIMD pipeline
[2026-10-10 08:10:01.857] [info] [temp-lifetime] frame=1 after_level=0 live=[0,1,] retired=[]
[2026-10-10 08:10:01.857] [info] [exec-level-diag] frame=1 level=0 nodes=2 input_ms=0.000 dispatch_ms=7.105 fb_release_ms=0.001
[2026-10-10 08:10:01.857] [info] [graph-edge] frame=1 level=1 consumer_id=2 input_index=0 producer_id=0 producer_level=0
[2026-10-10 08:10:01.857] [info] [graph-edge] frame=1 level=1 consumer_id=2 input_index=1 producer_id=1 producer_level=0
[2026-10-10 08:10:01.858] [info] [temp-lifetime] frame=1 after_level=1 live=[2,] retired=[0,1,]
[2026-10-10 08:10:01.858] [info] [exec-level-diag] frame=1 level=1 nodes=1 input_ms=0.010 dispatch_ms=0.095 fb_release_ms=0.001
[2026-10-10 08:10:01.858] [info] [temp-lifetime] frame=2 after_level=0 live=[0,1,] retired=[]
[2026-10-10 08:10:01.859] [info] [exec-level-diag] frame=2 level=0 nodes=2 input_ms=0.000 dispatch_ms=0.139 fb_release_ms=0.000
[2026-10-10 08:10:01.859] [info] [graph-edge] frame=2 level=1 consumer_id=2 input_index=0 producer_id=0 producer_level=0
[2026-10-10 08:10:01.859] [info] [graph-edge] frame=2 level=1 consumer_id=2 input_index=1 producer_id=1 producer_level=0
[2026-10-10 08:10:01.859] [info] [temp-lifetime] frame=2 after_level=1 live=[2,] retired=[0,1,]
[2026-10-10 08:10:01.859] [info] [exec-level-diag] frame=2 level=1 nodes=1 input_ms=0.010 dispatch_ms=0.057 fb_release_ms=0.001
[2026-10-10 08:10:01.898] [info] [video]   15/150 frames
[2026-10-10 08:10:01.942] [info] [vulkan-lifecycle] frame=25 vram_bytes=464093184 live_surfaces=13 surface_bindings=9 registry_live_handles=57 physical_images=13 deferred_releases=0 vma_allocations=15 surfaces_created=57 surfaces_released=48 queue_packages=3 execution_slots_busy=4 command_batch_active=false
[2026-10-10 08:10:01.965] [info] [video]   30/150 frames
[2026-10-10 08:10:02.041] [info] [video]   45/150 frames
[2026-10-10 08:10:02.066] [info] [vulkan-lifecycle] frame=50 vram_bytes=464093184 live_surfaces=13 surface_bindings=11 registry_live_handles=107 physical_images=13 deferred_releases=0 vma_allocations=15 surfaces_created=107 surfaces_released=96 queue_packages=2 execution_slots_busy=3 command_batch_active=false
[2026-10-10 08:10:02.121] [info] [video]   60/150 frames
[2026-10-10 08:10:02.184] [info] [video]   75/150 frames
[2026-10-10 08:10:02.205] [info] [vulkan-lifecycle] frame=75 vram_bytes=464093184 live_surfaces=13 surface_bindings=9 registry_live_handles=157 physical_images=13 deferred_releases=0 vma_allocations=15 surfaces_created=157 surfaces_released=148 queue_packages=1 execution_slots_busy=1 command_batch_active=false
[2026-10-10 08:10:02.263] [info] [video]   90/150 frames
[2026-10-10 08:10:02.346] [info] [vulkan-lifecycle] frame=100 vram_bytes=464093184 live_surfaces=13 surface_bindings=11 registry_live_handles=207 physical_images=13 deferred_releases=0 vma_allocations=15 surfaces_created=207 surfaces_released=196 queue_packages=1 execution_slots_busy=3 command_batch_active=false
[2026-10-10 08:10:02.357] [info] [video]   105/150 frames
[2026-10-10 08:10:02.431] [info] [video]   120/150 frames
[2026-10-10 08:10:02.451] [info] [vulkan-lifecycle] frame=125 vram_bytes=534872064 live_surfaces=15 surface_bindings=9 registry_live_handles=257 physical_images=15 deferred_releases=0 vma_allocations=17 surfaces_created=257 surfaces_released=248 queue_packages=1 execution_slots_busy=2 command_batch_active=false
[2026-10-10 08:10:02.486] [info] [video]   135/150 frames
[2026-10-10 08:10:02.553] [info] [video]   150/150 frames
[2026-10-10 08:10:02.560] [info] [vulkan-lifecycle] frame=150 vram_bytes=605650944 live_surfaces=17 surface_bindings=9 registry_live_handles=307 physical_images=17 deferred_releases=0 vma_allocations=19 surfaces_created=307 surfaces_released=298 queue_packages=0 execution_slots_busy=2 command_batch_active=false
[2026-10-10 08:10:02.564] [info] [video] writer join complete
[2026-10-10 08:10:02.564] [info] [drain-debug] start drain, capacity=6
[2026-10-10 08:10:02.564] [info] [drain-debug] slot_id=4 has completion, waiting
[2026-10-10 08:10:02.564] [info] [drain-debug] slot_id=4 wait complete
[2026-10-10 08:10:02.564] [info] [drain-debug] slot_id=5 has completion, waiting
[2026-10-10 08:10:02.567] [info] [drain-debug] slot_id=5 wait complete
[2026-10-10 08:10:02.567] [info] [drain-debug] reap done, busy_count=0
[2026-10-10 08:10:02.567] [info] [video] trimming framebuffer pool
[2026-10-10 08:10:02.568] [info] [video] Released framebuffer pool — memory trimmed
[2026-10-10 08:10:02.568] [info] [video] frame-loop cleanup complete
[2026-10-10 08:10:02.568] [info] [video] Encoder write blocked duration: 0.00 ms
[2026-10-10 08:10:02.568] [info] [video_diag] conversion_and_copy_duration_ms: 0 ms
[2026-10-10 08:10:02.568] [info] [video_diag] conversion_bytes_written=0 encoder_staging_copy_bytes=0 encoder_slot_reuses=0
[2026-10-10 08:10:02.568] [info] [native_av] close: sending encoder flush
[2026-10-10 08:10:02.635] [info] [native_av] close: encoder flush accepted
[2026-10-10 08:10:02.705] [info] [native_av] close: packets drained=true
[2026-10-10 08:10:02.705] [info] [native_av] close: finalizing mux session
[2026-10-10 08:10:02.706] [info] [native_av] close: mux session finalized
[2026-10-10 08:10:02.706] [info] [native_av] Closed native encoder — 150 frames accepted, encoder_packets=150 mux_packets=150 packet_pts=0..149, YUV cache: 0 hits / 0 misses
[2026-10-10 08:10:02.706] [info] [video_native] convert=3.57ms  send_frame=266.90ms  backpressure=0.00ms  flush=137.99ms  receive_packet=70.24ms  mux_write=8.23ms  trailer=1.10ms
[2026-10-10 08:10:02.713] [info] [video] render_ms=844.24 encode_ms=153.16 writer_encode_ms=283.72 wall_ms=2925.20 nvml_stop_ms=5.13
[2026-10-10 08:10:02.713] [info] [video] FFmpeg queue wait duration: 0.25 ms
[2026-10-10 08:10:02.753] [info] [video] copy_eligible=true sha256=5f33ec2c74b006a197aae4e97ea60362f1da4b466a516deb9c27f5f4178fd90a
[2026-10-10 08:10:02.754] [info] [video] Wrote ChrononTemplate/catalog/maps/samples/nasa_blue_marble_august_gpu.mp4
[2026-10-10 08:10:02.754] [info] [startup-profile] total=1094.02ms logger=0.05ms cli_bootstrap=2.86ms cli_parse=0.00ms composition=0.08ms plan_read=0.07ms json_parse=0.06ms plan_decode_validate=6.28ms asset_resolve=0.02ms plan_compile=4.48ms other=0.00ms
[2026-10-10 08:10:02.767] [info] [video] Wrote exact per-frame timing sidecar: ChrononTemplate/catalog/maps/samples/nasa_blue_marble_august_gpu.mp4.timing.json
[2026-10-10 08:10:02.889] [info] [INFO] job-lifecycle: slot_pool_close_ms=0.0 surface_release_ms=0.0
[2026-10-10 08:10:03.049] [info] [INFO] job-lifecycle: queue_close_ms=0.0 writer_join_ms=0.0 encoder_reset_ms=120.1 decoder_reset_ms=0.0 full_graph_reset_ms=160.3 sink_ctx_reset_ms=0.0 device_runtime_reset_ms=0.0 device_reservation_reset_ms=0.0
[2026-10-10 08:10:03.053] [info] [INFO] job-lifecycle: sidecar_write_ms=14.8 session_teardown_ms=284.4
[2026-10-10 08:10:03.092] [info] [INFO] job-lifecycle: post_sidecar_to_receipt_ms=323.7
[2026-10-10 08:10:03.092] [info] [INFO] job-lifecycle: execute_ms=3304.8 receipt_build_ms=0.0 receipt_write_ms=0.0 caller_tail_ms=0.0
