[2026-10-10 08:09:56.406] [info] [asset-profile] kind=0 path=ChrononTemplate/catalog/maps/samples/natural_earth_landcover_relief_water_plate.jpg bytes=484835 cache=miss invalidated=0 stat=0.01ms hash=4.37ms hashed_bytes=484835 total=4.46ms
[2026-10-10 08:09:56.406] [info] [asset-digest-cache] hits=0 misses=1 invalidations=0 bytes_hashed=484835 lookup_ms=0.00 write_ms=0.00 full_hash_ms=4.37
[2026-10-10 08:09:56.406] [info] [plan-profile] read=0.07ms parse=0.05ms decode=5.64ms resolver=0.01ms compile_validate=4.76ms total=10.55ms
[2026-10-10 08:09:56.406] [info] [asset-profile] kind=0 path=ChrononTemplate/catalog/maps/samples/natural_earth_landcover_relief_water_plate.jpg bytes=484835 cache=hit invalidated=0 stat=0.01ms hash=0.00ms hashed_bytes=0 total=0.06ms
[2026-10-10 08:09:56.406] [info] [asset-digest-cache] hits=1 misses=0 invalidations=0 bytes_hashed=0 lookup_ms=0.00 write_ms=0.00 full_hash_ms=0.00
[2026-10-10 08:09:56.406] [info] [plan-compile-profile] assets=0.11ms fingerprint=0.03ms media_resolution=0.00ms materialize=0.00ms composition_compile=0.00ms compatibility_view=0.01ms total=0.24ms
[2026-10-10 08:09:56.406] [info] [video] Auto-selecting yuv420p pipe pixel format for 1920x1080 output
[2026-10-10 08:09:56.407] [info] [video] DirectYUV composition classification rejected the candidate: no video background for DirectYUV
[2026-10-10 08:09:56.407] [info] [video] execution plan resolved (reason: direct_yuv_capability_rejected); decode=1 composite=2 encode=1 interop=2 handoff=1 codec=3
[2026-10-10 08:09:56.422] [info] [video-runtime] created persistent runtime for device 0 (CUDA ordinal 0)
[2026-10-10 08:09:56.422] [info] [video] encoder feed capability: host_frame=false direct_yuv=false native_surface=true
[2026-10-10 08:09:56.681] [info] [native_av] CUDA context contract: native=0x563bae26f9a0 ffmpeg=0x563bae26f9a0
[2026-10-10 08:09:56.690] [info] [native_av] NVENC tuning applied: rc=driver-default preset=slow async_depth=4 nvenc_surfaces=8 qp=-1 bitrate=0
[h264_nvenc @ 0x563bae274ac0] Defined rc_lookahead requires more surfaces, increasing used surfaces 8 -> 34
[2026-10-10 08:09:56.807] [info] [native_av] encoder bitstream contract: codec=27 profile=100 level=-99 pix_fmt=119 parameter_sets=50 materialized=true
[2026-10-10 08:09:56.808] [info] [native_av] Opened native encoder: 1920x1080 @ 30fps, codec=h264_nvenc, rc=driver-default, preset=slow, output='ChrononTemplate/catalog/maps/samples/natural_earth_landcover_relief_water_gpu.partial.mp4'
[2026-10-10 08:09:57.811] [info] ImageCache: loaded 'ChrononTemplate/catalog/maps/samples/natural_earth_landcover_relief_water_plate.jpg' (1920x1080) in 446.113ms
[2026-10-10 08:09:58.119] [info] [pool-warm] Pre-allocated and pre-imported 6 execution slots (1920x1080) for native NVENC
[2026-10-10 08:09:58.293] [info] [temp-lifetime] frame=0 after_level=0 live=[0,1,] retired=[]
[2026-10-10 08:09:58.293] [info] [exec-level-diag] frame=0 level=0 nodes=2 input_ms=0.002 dispatch_ms=6.344 fb_release_ms=0.001
[2026-10-10 08:09:58.293] [info] [graph-edge] frame=0 level=1 consumer_id=2 input_index=0 producer_id=0 producer_level=0
[2026-10-10 08:09:58.293] [info] [graph-edge] frame=0 level=1 consumer_id=2 input_index=1 producer_id=1 producer_level=0
[2026-10-10 08:09:58.293] [info] [temp-lifetime] frame=0 after_level=1 live=[2,] retired=[0,1,]
[2026-10-10 08:09:58.293] [info] [exec-level-diag] frame=0 level=1 nodes=1 input_ms=0.012 dispatch_ms=0.087 fb_release_ms=0.003
[2026-10-10 08:09:58.294] [info] [video] Exporting via Arena-backed SIMD pipeline
[2026-10-10 08:09:58.295] [info] [temp-lifetime] frame=1 after_level=0 live=[0,1,] retired=[]
[2026-10-10 08:09:58.295] [info] [exec-level-diag] frame=1 level=0 nodes=2 input_ms=0.000 dispatch_ms=0.912 fb_release_ms=0.001
[2026-10-10 08:09:58.296] [info] [graph-edge] frame=1 level=1 consumer_id=2 input_index=0 producer_id=0 producer_level=0
[2026-10-10 08:09:58.296] [info] [graph-edge] frame=1 level=1 consumer_id=2 input_index=1 producer_id=1 producer_level=0
[2026-10-10 08:09:58.296] [info] [temp-lifetime] frame=1 after_level=1 live=[2,] retired=[0,1,]
[2026-10-10 08:09:58.296] [info] [exec-level-diag] frame=1 level=1 nodes=1 input_ms=0.013 dispatch_ms=0.087 fb_release_ms=0.001
[2026-10-10 08:09:58.297] [info] [temp-lifetime] frame=2 after_level=0 live=[0,1,] retired=[]
[2026-10-10 08:09:58.297] [info] [exec-level-diag] frame=2 level=0 nodes=2 input_ms=0.000 dispatch_ms=0.183 fb_release_ms=0.001
[2026-10-10 08:09:58.297] [info] [graph-edge] frame=2 level=1 consumer_id=2 input_index=0 producer_id=0 producer_level=0
[2026-10-10 08:09:58.297] [info] [graph-edge] frame=2 level=1 consumer_id=2 input_index=1 producer_id=1 producer_level=0
[2026-10-10 08:09:58.297] [info] [temp-lifetime] frame=2 after_level=1 live=[2,] retired=[0,1,]
[2026-10-10 08:09:58.297] [info] [exec-level-diag] frame=2 level=1 nodes=1 input_ms=0.011 dispatch_ms=0.064 fb_release_ms=0.001
[2026-10-10 08:09:58.314] [info] [video]   15/150 frames
[2026-10-10 08:09:58.343] [info] [vulkan-lifecycle] frame=25 vram_bytes=464093184 live_surfaces=13 surface_bindings=9 registry_live_handles=57 physical_images=13 deferred_releases=0 vma_allocations=15 surfaces_created=57 surfaces_released=48 queue_packages=1 execution_slots_busy=2 command_batch_active=false
[2026-10-10 08:09:58.347] [info] [video]   30/150 frames
[2026-10-10 08:09:58.408] [info] [video]   45/150 frames
[2026-10-10 08:09:58.475] [info] [vulkan-lifecycle] frame=50 vram_bytes=464093184 live_surfaces=13 surface_bindings=9 registry_live_handles=107 physical_images=13 deferred_releases=0 vma_allocations=15 surfaces_created=107 surfaces_released=98 queue_packages=1 execution_slots_busy=2 command_batch_active=false
[2026-10-10 08:09:58.515] [info] [video]   60/150 frames
[2026-10-10 08:09:58.629] [info] [video]   75/150 frames
[2026-10-10 08:09:58.641] [info] [vulkan-lifecycle] frame=75 vram_bytes=464093184 live_surfaces=13 surface_bindings=9 registry_live_handles=157 physical_images=13 deferred_releases=0 vma_allocations=15 surfaces_created=157 surfaces_released=148 queue_packages=1 execution_slots_busy=2 command_batch_active=false
[2026-10-10 08:09:58.695] [info] [video]   90/150 frames
[2026-10-10 08:09:58.802] [info] [vulkan-lifecycle] frame=100 vram_bytes=534872064 live_surfaces=15 surface_bindings=9 registry_live_handles=207 physical_images=15 deferred_releases=0 vma_allocations=17 surfaces_created=207 surfaces_released=198 queue_packages=1 execution_slots_busy=2 command_batch_active=false
[2026-10-10 08:09:58.827] [info] [video]   105/150 frames
[2026-10-10 08:09:58.954] [info] [video]   120/150 frames
[2026-10-10 08:09:58.966] [info] [vulkan-lifecycle] frame=125 vram_bytes=534872064 live_surfaces=15 surface_bindings=11 registry_live_handles=257 physical_images=15 deferred_releases=0 vma_allocations=17 surfaces_created=257 surfaces_released=246 queue_packages=1 execution_slots_busy=3 command_batch_active=false
[2026-10-10 08:09:59.012] [info] [video]   135/150 frames
[2026-10-10 08:09:59.082] [info] [video]   150/150 frames
[2026-10-10 08:09:59.089] [info] [vulkan-lifecycle] frame=150 vram_bytes=534872064 live_surfaces=15 surface_bindings=9 registry_live_handles=307 physical_images=15 deferred_releases=0 vma_allocations=17 surfaces_created=307 surfaces_released=298 queue_packages=1 execution_slots_busy=3 command_batch_active=false
[2026-10-10 08:09:59.097] [info] [video] writer join complete
[2026-10-10 08:09:59.097] [info] [drain-debug] start drain, capacity=6
[2026-10-10 08:09:59.097] [info] [drain-debug] slot_id=3 has completion, waiting
[2026-10-10 08:09:59.097] [info] [drain-debug] slot_id=3 wait complete
[2026-10-10 08:09:59.097] [info] [drain-debug] slot_id=4 has completion, waiting
[2026-10-10 08:09:59.097] [info] [drain-debug] slot_id=4 wait complete
[2026-10-10 08:09:59.097] [info] [drain-debug] slot_id=5 has completion, waiting
[2026-10-10 08:09:59.097] [info] [drain-debug] slot_id=5 wait complete
[2026-10-10 08:09:59.097] [info] [drain-debug] reap done, busy_count=0
[2026-10-10 08:09:59.097] [info] [video] trimming framebuffer pool
[2026-10-10 08:09:59.098] [info] [video] Released framebuffer pool — memory trimmed
[2026-10-10 08:09:59.098] [info] [video] frame-loop cleanup complete
[2026-10-10 08:09:59.098] [info] [video] Encoder write blocked duration: 0.00 ms
[2026-10-10 08:09:59.098] [info] [video_diag] conversion_and_copy_duration_ms: 0 ms
[2026-10-10 08:09:59.098] [info] [video_diag] conversion_bytes_written=0 encoder_staging_copy_bytes=0 encoder_slot_reuses=0
[2026-10-10 08:09:59.098] [info] [native_av] close: sending encoder flush
[2026-10-10 08:09:59.168] [info] [native_av] close: encoder flush accepted
[2026-10-10 08:09:59.238] [info] [native_av] close: packets drained=true
[2026-10-10 08:09:59.238] [info] [native_av] close: finalizing mux session
[2026-10-10 08:09:59.238] [info] [native_av] close: mux session finalized
[2026-10-10 08:09:59.238] [info] [native_av] Closed native encoder — 150 frames accepted, encoder_packets=150 mux_packets=150 packet_pts=0..149, YUV cache: 0 hits / 0 misses
[2026-10-10 08:09:59.238] [info] [video_native] convert=4.49ms  send_frame=272.19ms  backpressure=0.00ms  flush=139.69ms  receive_packet=68.93ms  mux_write=6.27ms  trailer=0.25ms
[2026-10-10 08:09:59.241] [info] [video] render_ms=942.38 encode_ms=151.95 writer_encode_ms=297.50 wall_ms=2834.25 nvml_stop_ms=1.39
[2026-10-10 08:09:59.241] [info] [video] FFmpeg queue wait duration: 0.28 ms
[2026-10-10 08:09:59.272] [info] [video] copy_eligible=true sha256=6029ca833e39de304bb06ce9a63c3b10cdc0d01cb0976b1ea35be3609aa75c63
[2026-10-10 08:09:59.272] [info] [video] Wrote ChrononTemplate/catalog/maps/samples/natural_earth_landcover_relief_water_gpu.mp4
[2026-10-10 08:09:59.272] [info] [startup-profile] total=967.44ms logger=0.04ms cli_bootstrap=2.31ms cli_parse=0.00ms composition=0.07ms plan_read=0.07ms json_parse=0.05ms plan_decode_validate=5.64ms asset_resolve=0.01ms plan_compile=4.76ms other=0.00ms
[2026-10-10 08:09:59.282] [info] [video] Wrote exact per-frame timing sidecar: ChrononTemplate/catalog/maps/samples/natural_earth_landcover_relief_water_gpu.mp4.timing.json
[2026-10-10 08:09:59.401] [info] [INFO] job-lifecycle: slot_pool_close_ms=0.0 surface_release_ms=0.0
[2026-10-10 08:09:59.548] [info] [INFO] job-lifecycle: queue_close_ms=0.0 writer_join_ms=0.0 encoder_reset_ms=116.7 decoder_reset_ms=0.0 full_graph_reset_ms=147.4 sink_ctx_reset_ms=0.0 device_runtime_reset_ms=0.0 device_reservation_reset_ms=0.0
[2026-10-10 08:09:59.550] [info] [INFO] job-lifecycle: sidecar_write_ms=11.9 session_teardown_ms=265.8
[2026-10-10 08:09:59.559] [info] [INFO] job-lifecycle: post_sidecar_to_receipt_ms=274.7
[2026-10-10 08:09:59.559] [info] [INFO] job-lifecycle: execute_ms=3152.2 receipt_build_ms=0.0 receipt_write_ms=0.0 caller_tail_ms=0.0
