[2026-10-05 17:00:58.450] [info] [asset-profile] kind=3 path=assets/fonts/Inter-Bold.ttf bytes=146768 cache=miss invalidated=0 stat=0.01ms hash=3.86ms hashed_bytes=146768 total=3.96ms
[2026-10-05 17:00:58.452] [info] [asset-profile] kind=0 path=assets/images/short_phrase_dark_plate.png bytes=254840 cache=miss invalidated=0 stat=0.01ms hash=1.16ms hashed_bytes=254840 total=1.29ms
[2026-10-05 17:00:58.452] [info] [asset-digest-cache] hits=0 misses=2 invalidations=0 bytes_hashed=401608 lookup_ms=0.00 write_ms=0.01 full_hash_ms=5.02
[2026-10-05 17:00:58.453] [info] [plan-profile] read=0.20ms parse=0.11ms decode=7.07ms resolver=0.03ms compile_validate=6.29ms total=13.73ms
[2026-10-05 17:00:58.453] [info] [asset-profile] kind=3 path=assets/fonts/Inter-Bold.ttf bytes=146768 cache=hit invalidated=0 stat=0.01ms hash=0.00ms hashed_bytes=0 total=0.06ms
[2026-10-05 17:00:58.453] [info] [asset-profile] kind=0 path=assets/images/short_phrase_dark_plate.png bytes=254840 cache=hit invalidated=0 stat=0.01ms hash=0.00ms hashed_bytes=0 total=0.05ms
[2026-10-05 17:00:58.453] [info] [asset-digest-cache] hits=2 misses=0 invalidations=0 bytes_hashed=0 lookup_ms=0.00 write_ms=0.00 full_hash_ms=0.00
[2026-10-05 17:00:58.453] [info] [plan-compile-profile] assets=0.17ms fingerprint=0.15ms media_resolution=0.00ms materialize=0.13ms composition_compile=0.00ms compatibility_view=0.06ms total=0.70ms
[2026-10-05 17:00:58.454] [info] [video] Auto-selecting yuv420p pipe pixel format for 1920x1080 output
[2026-10-05 17:00:58.454] [info] [video] execution plan resolved (reason: required_gpu_native_full_graph); decode=1 composite=2 encode=1 interop=2 handoff=1 codec=3
[2026-10-05 17:00:58.480] [info] [video-runtime] created persistent runtime for device 0 (CUDA ordinal 0)
[2026-10-05 17:00:58.480] [info] [video] encoder feed capability: host_frame=false direct_yuv=false native_surface=true
[2026-10-05 17:00:58.682] [info] [native_av] CUDA context contract: native=0x562b36e085e0 ffmpeg=0x562b36e085e0
[2026-10-05 17:00:58.692] [info] [native_av] NVENC tuning applied: rc=constqp preset=slow async_depth=4 nvenc_surfaces=8 qp=18 bitrate=0
[h264_nvenc @ 0x562b36d93440] Defined rc_lookahead requires more surfaces, increasing used surfaces 8 -> 34
[2026-10-05 17:00:58.776] [info] [native_av] encoder bitstream contract: codec=27 profile=100 level=-99 pix_fmt=119 parameter_sets=50 materialized=true
[2026-10-05 17:00:58.776] [info] [native_av] Opened native encoder: 1920x1080 @ 30fps, codec=h264_nvenc, rc=constqp, preset=slow, output='out/04_phrase_build_focus.partial.mp4'
[2026-10-05 17:01:00.054] [info] ImageCache: loaded 'assets/images/short_phrase_dark_plate.png' (960x540) in 391.841ms
[2026-10-05 17:01:00.125] [info] [pool-warm] Pre-allocated and pre-imported 6 execution slots (1920x1080) for native NVENC
[2026-10-05 17:01:01.025] [info] chronon3d::vulkan text batch formats: dst_image.format=109 atlas_image.format=44 atlas_encoding=2 (shader contract: dst rgba32f, atlas rgba8)
[2026-10-05 17:01:01.027] [info] [temp-lifetime] frame=0 after_level=0 live=[1,2,] retired=[]
[2026-10-05 17:01:01.027] [info] [exec-level-diag] frame=0 level=0 nodes=2 input_ms=0.001 dispatch_ms=5.004 fb_release_ms=0.003
[2026-10-05 17:01:01.027] [info] [graph-edge] frame=0 level=1 consumer_id=3 input_index=0 producer_id=2 producer_level=0
[2026-10-05 17:01:01.029] [info] [temp-lifetime] frame=0 after_level=1 live=[1,3,] retired=[2,]
[2026-10-05 17:01:01.029] [info] [exec-level-diag] frame=0 level=1 nodes=1 input_ms=0.018 dispatch_ms=1.701 fb_release_ms=0.005
[2026-10-05 17:01:01.029] [info] [graph-edge] frame=0 level=2 consumer_id=4 input_index=0 producer_id=1 producer_level=0
[2026-10-05 17:01:01.029] [info] [graph-edge] frame=0 level=2 consumer_id=4 input_index=1 producer_id=3 producer_level=1
[2026-10-05 17:01:01.029] [info] [temp-lifetime] frame=0 after_level=2 live=[4,] retired=[1,3,]
[2026-10-05 17:01:01.029] [info] [exec-level-diag] frame=0 level=2 nodes=1 input_ms=0.021 dispatch_ms=0.110 fb_release_ms=0.002
[2026-10-05 17:01:01.029] [info] [video] Exporting via Arena-backed SIMD pipeline
[2026-10-05 17:01:01.032] [info] [temp-lifetime] frame=1 after_level=0 live=[1,2,] retired=[]
[2026-10-05 17:01:01.032] [info] [exec-level-diag] frame=1 level=0 nodes=2 input_ms=0.001 dispatch_ms=1.004 fb_release_ms=0.001
[2026-10-05 17:01:01.032] [info] [graph-edge] frame=1 level=1 consumer_id=3 input_index=0 producer_id=2 producer_level=0
[2026-10-05 17:01:01.032] [info] [temp-lifetime] frame=1 after_level=1 live=[1,3,] retired=[2,]
[2026-10-05 17:01:01.032] [info] [exec-level-diag] frame=1 level=1 nodes=1 input_ms=0.013 dispatch_ms=0.102 fb_release_ms=0.002
[2026-10-05 17:01:01.032] [info] [graph-edge] frame=1 level=2 consumer_id=4 input_index=0 producer_id=1 producer_level=0
[2026-10-05 17:01:01.032] [info] [graph-edge] frame=1 level=2 consumer_id=4 input_index=1 producer_id=3 producer_level=1
[2026-10-05 17:01:01.032] [info] [temp-lifetime] frame=1 after_level=2 live=[4,] retired=[1,3,]
[2026-10-05 17:01:01.032] [info] [exec-level-diag] frame=1 level=2 nodes=1 input_ms=0.021 dispatch_ms=0.068 fb_release_ms=0.002
[2026-10-05 17:01:01.034] [info] [temp-lifetime] frame=2 after_level=0 live=[1,2,] retired=[]
[2026-10-05 17:01:01.034] [info] [exec-level-diag] frame=2 level=0 nodes=2 input_ms=0.001 dispatch_ms=0.916 fb_release_ms=0.001
[2026-10-05 17:01:01.035] [info] [graph-edge] frame=2 level=1 consumer_id=3 input_index=0 producer_id=2 producer_level=0
[2026-10-05 17:01:01.035] [info] [temp-lifetime] frame=2 after_level=1 live=[1,3,] retired=[2,]
[2026-10-05 17:01:01.035] [info] [exec-level-diag] frame=2 level=1 nodes=1 input_ms=0.014 dispatch_ms=0.090 fb_release_ms=0.002
[2026-10-05 17:01:01.035] [info] [graph-edge] frame=2 level=2 consumer_id=4 input_index=0 producer_id=1 producer_level=0
[2026-10-05 17:01:01.035] [info] [graph-edge] frame=2 level=2 consumer_id=4 input_index=1 producer_id=3 producer_level=1
[2026-10-05 17:01:01.035] [info] [temp-lifetime] frame=2 after_level=2 live=[4,] retired=[1,3,]
[2026-10-05 17:01:01.035] [info] [exec-level-diag] frame=2 level=2 nodes=1 input_ms=0.022 dispatch_ms=0.105 fb_release_ms=0.002
[2026-10-05 17:01:01.043] [info] [video]   7/72 frames
[2026-10-05 17:01:01.054] [info] [video]   14/72 frames
[2026-10-05 17:01:01.069] [info] [video]   21/72 frames
[2026-10-05 17:01:01.080] [info] [vulkan-lifecycle] frame=25 vram_bytes=493977600 live_surfaces=13 surface_bindings=8 registry_live_handles=83 physical_images=13 deferred_releases=2 vma_allocations=55 surfaces_created=133 surfaces_released=125 queue_packages=1 execution_slots_busy=2 command_batch_active=false
[2026-10-05 17:01:01.084] [info] [video]   28/72 frames
[2026-10-05 17:01:01.101] [info] [video]   35/72 frames
[2026-10-05 17:01:01.143] [info] [video]   42/72 frames
[2026-10-05 17:01:01.193] [info] [video]   49/72 frames
[2026-10-05 17:01:01.207] [info] [vulkan-lifecycle] frame=50 vram_bytes=628195328 live_surfaces=13 surface_bindings=8 registry_live_handles=158 physical_images=13 deferred_releases=2 vma_allocations=65 surfaces_created=258 surfaces_released=250 queue_packages=1 execution_slots_busy=2 command_batch_active=false
[2026-10-05 17:01:01.242] [info] [video]   56/72 frames
[2026-10-05 17:01:01.293] [info] [video]   63/72 frames
[2026-10-05 17:01:01.342] [info] [video]   70/72 frames
[2026-10-05 17:01:01.356] [info] [video]   72/72 frames
[2026-10-05 17:01:01.369] [info] [video] writer join complete
[2026-10-05 17:01:01.369] [info] [drain-debug] start drain, capacity=6
[2026-10-05 17:01:01.369] [info] [drain-debug] slot_id=4 has completion, waiting
[2026-10-05 17:01:01.369] [info] [drain-debug] slot_id=4 wait complete
[2026-10-05 17:01:01.369] [info] [drain-debug] slot_id=5 has completion, waiting
[2026-10-05 17:01:01.375] [info] [drain-debug] slot_id=5 wait complete
[2026-10-05 17:01:01.375] [info] [drain-debug] reap done, busy_count=0
[2026-10-05 17:01:01.375] [info] [video] trimming framebuffer pool
[2026-10-05 17:01:01.375] [info] [video] Released framebuffer pool — memory trimmed
[2026-10-05 17:01:01.375] [info] [video] frame-loop cleanup complete
[2026-10-05 17:01:01.375] [info] [video] Encoder write blocked duration: 0.00 ms
[2026-10-05 17:01:01.375] [info] [video_diag] conversion_and_copy_duration_ms: 0 ms
[2026-10-05 17:01:01.375] [info] [video_diag] conversion_bytes_written=0 encoder_staging_copy_bytes=0 encoder_slot_reuses=0
[2026-10-05 17:01:01.375] [info] [native_av] close: sending encoder flush
[2026-10-05 17:01:01.469] [info] [native_av] close: encoder flush accepted
[2026-10-05 17:01:01.554] [info] [native_av] close: packets drained=true
[2026-10-05 17:01:01.554] [info] [native_av] close: finalizing mux session
[2026-10-05 17:01:01.555] [info] [native_av] close: mux session finalized
[2026-10-05 17:01:01.555] [info] [native_av] Closed native encoder — 72 frames accepted, encoder_packets=72 mux_packets=72 packet_pts=0..71, YUV cache: 0 hits / 0 misses
[2026-10-05 17:01:01.555] [info] [video_native] convert=10.75ms  send_frame=175.93ms  backpressure=0.00ms  flush=180.43ms  receive_packet=84.97ms  mux_write=1.91ms  trailer=0.78ms
[2026-10-05 17:01:01.557] [info] [video] render_ms=1213.33 encode_ms=193.86 writer_encode_ms=193.12 wall_ms=3103.06 nvml_stop_ms=0.19
[2026-10-05 17:01:01.557] [info] [video] FFmpeg queue wait duration: 0.29 ms
[2026-10-05 17:01:01.577] [info] [video] copy_eligible=true sha256=612df6ef2dfc11cb68b6988dd0d8179cfecd3764e818b8e9be624644c0ba0531
[2026-10-05 17:01:01.577] [info] [video] Wrote out/04_phrase_build_focus.mp4
[2026-10-05 17:01:01.577] [info] [startup-profile] total=912.50ms logger=0.04ms cli_bootstrap=3.08ms cli_parse=0.00ms composition=0.14ms plan_read=0.20ms json_parse=0.11ms plan_decode_validate=7.07ms asset_resolve=0.03ms plan_compile=6.29ms other=0.00ms
[2026-10-05 17:01:01.590] [info] [video] Wrote exact per-frame timing sidecar: out/04_phrase_build_focus.mp4.timing.json
[2026-10-05 17:01:01.668] [info] [INFO] job-lifecycle: slot_pool_close_ms=0.0 surface_release_ms=0.0
[2026-10-05 17:01:01.811] [info] [INFO] job-lifecycle: queue_close_ms=0.0 writer_join_ms=0.0 encoder_reset_ms=76.9 decoder_reset_ms=0.0 full_graph_reset_ms=143.0 sink_ctx_reset_ms=0.0 device_runtime_reset_ms=0.0 device_reservation_reset_ms=0.0
[2026-10-05 17:01:01.812] [info] [INFO] job-lifecycle: sidecar_write_ms=14.1 session_teardown_ms=220.2
[2026-10-05 17:01:01.820] [info] [INFO] job-lifecycle: execute_ms=3366.0 receipt_build_ms=0.0 receipt_write_ms=0.0 caller_tail_ms=0.0
