[2026-10-05 17:01:02.013] [info] [asset-profile] kind=3 path=assets/fonts/Inter-Bold.ttf bytes=146768 cache=miss invalidated=0 stat=0.01ms hash=3.59ms hashed_bytes=146768 total=3.70ms
[2026-10-05 17:01:02.015] [info] [asset-profile] kind=0 path=assets/images/short_phrase_dark_plate.png bytes=254840 cache=miss invalidated=0 stat=0.02ms hash=1.22ms hashed_bytes=254840 total=1.37ms
[2026-10-05 17:01:02.015] [info] [asset-digest-cache] hits=0 misses=2 invalidations=0 bytes_hashed=401608 lookup_ms=0.00 write_ms=0.01 full_hash_ms=4.82
[2026-10-05 17:01:02.016] [info] [plan-profile] read=0.13ms parse=0.09ms decode=8.05ms resolver=0.01ms compile_validate=5.95ms total=14.27ms
[2026-10-05 17:01:02.016] [info] [asset-profile] kind=3 path=assets/fonts/Inter-Bold.ttf bytes=146768 cache=hit invalidated=0 stat=0.01ms hash=0.00ms hashed_bytes=0 total=0.06ms
[2026-10-05 17:01:02.016] [info] [asset-profile] kind=0 path=assets/images/short_phrase_dark_plate.png bytes=254840 cache=hit invalidated=0 stat=0.01ms hash=0.00ms hashed_bytes=0 total=0.06ms
[2026-10-05 17:01:02.016] [info] [asset-digest-cache] hits=2 misses=0 invalidations=0 bytes_hashed=0 lookup_ms=0.00 write_ms=0.00 full_hash_ms=0.00
[2026-10-05 17:01:02.016] [info] [plan-compile-profile] assets=0.19ms fingerprint=0.06ms media_resolution=0.00ms materialize=0.10ms composition_compile=0.00ms compatibility_view=0.06ms total=0.57ms
[2026-10-05 17:01:02.016] [info] [video] Auto-selecting yuv420p pipe pixel format for 1920x1080 output
[2026-10-05 17:01:02.017] [info] [video] execution plan resolved (reason: required_gpu_native_full_graph); decode=1 composite=2 encode=1 interop=2 handoff=1 codec=3
[2026-10-05 17:01:02.043] [info] [video-runtime] created persistent runtime for device 0 (CUDA ordinal 0)
[2026-10-05 17:01:02.043] [info] [video] encoder feed capability: host_frame=false direct_yuv=false native_surface=true
[2026-10-05 17:01:02.249] [info] [native_av] CUDA context contract: native=0x55fdb33cba00 ffmpeg=0x55fdb33cba00
[2026-10-05 17:01:02.260] [info] [native_av] NVENC tuning applied: rc=constqp preset=slow async_depth=4 nvenc_surfaces=8 qp=18 bitrate=0
[h264_nvenc @ 0x55fdb3395c80] Defined rc_lookahead requires more surfaces, increasing used surfaces 8 -> 34
[2026-10-05 17:01:02.341] [info] [native_av] encoder bitstream contract: codec=27 profile=100 level=-99 pix_fmt=119 parameter_sets=50 materialized=true
[2026-10-05 17:01:02.341] [info] [native_av] Opened native encoder: 1920x1080 @ 30fps, codec=h264_nvenc, rc=constqp, preset=slow, output='out/05_character_tracking_reveal.partial.mp4'
[2026-10-05 17:01:03.337] [info] ImageCache: loaded 'assets/images/short_phrase_dark_plate.png' (960x540) in 122.271ms
[2026-10-05 17:01:03.410] [info] [pool-warm] Pre-allocated and pre-imported 6 execution slots (1920x1080) for native NVENC
[2026-10-05 17:01:04.347] [info] chronon3d::vulkan text batch formats: dst_image.format=109 atlas_image.format=44 atlas_encoding=2 (shader contract: dst rgba32f, atlas rgba8)
[2026-10-05 17:01:04.348] [info] [temp-lifetime] frame=0 after_level=0 live=[1,2,] retired=[]
[2026-10-05 17:01:04.348] [info] [exec-level-diag] frame=0 level=0 nodes=2 input_ms=0.001 dispatch_ms=4.190 fb_release_ms=0.002
[2026-10-05 17:01:04.348] [info] [graph-edge] frame=0 level=1 consumer_id=3 input_index=0 producer_id=2 producer_level=0
[2026-10-05 17:01:04.350] [info] [temp-lifetime] frame=0 after_level=1 live=[1,3,] retired=[2,]
[2026-10-05 17:01:04.350] [info] [exec-level-diag] frame=0 level=1 nodes=1 input_ms=0.009 dispatch_ms=1.121 fb_release_ms=0.025
[2026-10-05 17:01:04.350] [info] [graph-edge] frame=0 level=2 consumer_id=4 input_index=0 producer_id=1 producer_level=0
[2026-10-05 17:01:04.350] [info] [graph-edge] frame=0 level=2 consumer_id=4 input_index=1 producer_id=3 producer_level=1
[2026-10-05 17:01:04.350] [info] [temp-lifetime] frame=0 after_level=2 live=[4,] retired=[1,3,]
[2026-10-05 17:01:04.350] [info] [exec-level-diag] frame=0 level=2 nodes=1 input_ms=0.012 dispatch_ms=0.079 fb_release_ms=0.002
[2026-10-05 17:01:04.350] [info] [video] Exporting via Arena-backed SIMD pipeline
[2026-10-05 17:01:04.352] [info] [temp-lifetime] frame=1 after_level=0 live=[1,2,] retired=[]
[2026-10-05 17:01:04.352] [info] [exec-level-diag] frame=1 level=0 nodes=2 input_ms=0.001 dispatch_ms=0.889 fb_release_ms=0.001
[2026-10-05 17:01:04.352] [info] [graph-edge] frame=1 level=1 consumer_id=3 input_index=0 producer_id=2 producer_level=0
[2026-10-05 17:01:04.352] [info] [temp-lifetime] frame=1 after_level=1 live=[1,3,] retired=[2,]
[2026-10-05 17:01:04.353] [info] [exec-level-diag] frame=1 level=1 nodes=1 input_ms=0.012 dispatch_ms=0.093 fb_release_ms=0.002
[2026-10-05 17:01:04.353] [info] [graph-edge] frame=1 level=2 consumer_id=4 input_index=0 producer_id=1 producer_level=0
[2026-10-05 17:01:04.353] [info] [graph-edge] frame=1 level=2 consumer_id=4 input_index=1 producer_id=3 producer_level=1
[2026-10-05 17:01:04.353] [info] [temp-lifetime] frame=1 after_level=2 live=[4,] retired=[1,3,]
[2026-10-05 17:01:04.353] [info] [exec-level-diag] frame=1 level=2 nodes=1 input_ms=0.021 dispatch_ms=0.090 fb_release_ms=0.003
[2026-10-05 17:01:04.355] [info] [temp-lifetime] frame=2 after_level=0 live=[1,2,] retired=[]
[2026-10-05 17:01:04.355] [info] [exec-level-diag] frame=2 level=0 nodes=2 input_ms=0.001 dispatch_ms=1.042 fb_release_ms=0.001
[2026-10-05 17:01:04.355] [info] [graph-edge] frame=2 level=1 consumer_id=3 input_index=0 producer_id=2 producer_level=0
[2026-10-05 17:01:04.355] [info] [temp-lifetime] frame=2 after_level=1 live=[1,3,] retired=[2,]
[2026-10-05 17:01:04.355] [info] [exec-level-diag] frame=2 level=1 nodes=1 input_ms=0.014 dispatch_ms=0.097 fb_release_ms=0.002
[2026-10-05 17:01:04.355] [info] [graph-edge] frame=2 level=2 consumer_id=4 input_index=0 producer_id=1 producer_level=0
[2026-10-05 17:01:04.355] [info] [graph-edge] frame=2 level=2 consumer_id=4 input_index=1 producer_id=3 producer_level=1
[2026-10-05 17:01:04.356] [info] [temp-lifetime] frame=2 after_level=2 live=[4,] retired=[1,3,]
[2026-10-05 17:01:04.356] [info] [exec-level-diag] frame=2 level=2 nodes=1 input_ms=0.011 dispatch_ms=0.073 fb_release_ms=0.002
[2026-10-05 17:01:04.360] [info] [video]   6/66 frames
[2026-10-05 17:01:04.374] [info] [video]   12/66 frames
[2026-10-05 17:01:04.386] [info] [video]   18/66 frames
[2026-10-05 17:01:04.401] [info] [video]   24/66 frames
[2026-10-05 17:01:04.405] [info] [vulkan-lifecycle] frame=25 vram_bytes=628195328 live_surfaces=13 surface_bindings=8 registry_live_handles=83 physical_images=13 deferred_releases=2 vma_allocations=60 surfaces_created=133 surfaces_released=125 queue_packages=1 execution_slots_busy=2 command_batch_active=false
[2026-10-05 17:01:04.413] [info] [video]   30/66 frames
[2026-10-05 17:01:04.426] [info] [video]   36/66 frames
[2026-10-05 17:01:04.468] [info] [video]   42/66 frames
[2026-10-05 17:01:04.511] [info] [video]   48/66 frames
[2026-10-05 17:01:04.532] [info] [vulkan-lifecycle] frame=50 vram_bytes=628195328 live_surfaces=13 surface_bindings=8 registry_live_handles=158 physical_images=13 deferred_releases=2 vma_allocations=75 surfaces_created=258 surfaces_released=250 queue_packages=1 execution_slots_busy=2 command_batch_active=false
[2026-10-05 17:01:04.553] [info] [video]   54/66 frames
[2026-10-05 17:01:04.596] [info] [video]   60/66 frames
[2026-10-05 17:01:04.634] [info] [video]   66/66 frames
[2026-10-05 17:01:04.644] [info] [video] writer join complete
[2026-10-05 17:01:04.644] [info] [drain-debug] start drain, capacity=6
[2026-10-05 17:01:04.644] [info] [drain-debug] slot_id=4 has completion, waiting
[2026-10-05 17:01:04.644] [info] [drain-debug] slot_id=4 wait complete
[2026-10-05 17:01:04.644] [info] [drain-debug] slot_id=5 has completion, waiting
[2026-10-05 17:01:04.649] [info] [drain-debug] slot_id=5 wait complete
[2026-10-05 17:01:04.649] [info] [drain-debug] reap done, busy_count=0
[2026-10-05 17:01:04.649] [info] [video] trimming framebuffer pool
[2026-10-05 17:01:04.649] [info] [video] Released framebuffer pool — memory trimmed
[2026-10-05 17:01:04.649] [info] [video] frame-loop cleanup complete
[2026-10-05 17:01:04.649] [info] [video] Encoder write blocked duration: 0.00 ms
[2026-10-05 17:01:04.649] [info] [video_diag] conversion_and_copy_duration_ms: 0 ms
[2026-10-05 17:01:04.649] [info] [video_diag] conversion_bytes_written=0 encoder_staging_copy_bytes=0 encoder_slot_reuses=0
[2026-10-05 17:01:04.649] [info] [native_av] close: sending encoder flush
[2026-10-05 17:01:04.735] [info] [native_av] close: encoder flush accepted
[2026-10-05 17:01:04.821] [info] [native_av] close: packets drained=true
[2026-10-05 17:01:04.821] [info] [native_av] close: finalizing mux session
[2026-10-05 17:01:04.821] [info] [native_av] close: mux session finalized
[2026-10-05 17:01:04.821] [info] [native_av] Closed native encoder — 66 frames accepted, encoder_packets=66 mux_packets=66 packet_pts=0..65, YUV cache: 0 hits / 0 misses
[2026-10-05 17:01:04.821] [info] [video_native] convert=8.01ms  send_frame=155.45ms  backpressure=0.00ms  flush=172.12ms  receive_packet=85.16ms  mux_write=1.60ms  trailer=0.37ms
[2026-10-05 17:01:04.822] [info] [video] render_ms=1204.00 encode_ms=182.72 writer_encode_ms=172.68 wall_ms=2805.55 nvml_stop_ms=0.16
[2026-10-05 17:01:04.822] [info] [video] FFmpeg queue wait duration: 0.25 ms
[2026-10-05 17:01:04.835] [info] [video] copy_eligible=true sha256=3456ab739bb5e55f3d023699daef25e6852e540d5bfac03f7b014d554ff45e17
[2026-10-05 17:01:04.835] [info] [video] Wrote out/05_character_tracking_reveal.mp4
[2026-10-05 17:01:04.835] [info] [startup-profile] total=930.86ms logger=0.04ms cli_bootstrap=2.93ms cli_parse=0.00ms composition=0.10ms plan_read=0.13ms json_parse=0.09ms plan_decode_validate=8.05ms asset_resolve=0.01ms plan_compile=5.95ms other=0.00ms
[2026-10-05 17:01:04.841] [info] [video] Wrote exact per-frame timing sidecar: out/05_character_tracking_reveal.mp4.timing.json
[2026-10-05 17:01:04.907] [info] [INFO] job-lifecycle: slot_pool_close_ms=0.0 surface_release_ms=0.0
[2026-10-05 17:01:05.027] [info] [INFO] job-lifecycle: queue_close_ms=0.0 writer_join_ms=0.0 encoder_reset_ms=64.7 decoder_reset_ms=0.0 full_graph_reset_ms=120.9 sink_ctx_reset_ms=0.0 device_runtime_reset_ms=0.0 device_reservation_reset_ms=0.0
[2026-10-05 17:01:05.028] [info] [INFO] job-lifecycle: sidecar_write_ms=6.6 session_teardown_ms=185.8
[2026-10-05 17:01:05.036] [info] [INFO] job-lifecycle: execute_ms=3019.5 receipt_build_ms=0.0 receipt_write_ms=0.0 caller_tail_ms=0.0
