[2026-10-05 17:01:17.129] [info] [asset-profile] kind=3 path=assets/fonts/Inter-Bold.ttf bytes=146768 cache=miss invalidated=0 stat=0.01ms hash=3.83ms hashed_bytes=146768 total=3.93ms
[2026-10-05 17:01:17.131] [info] [asset-profile] kind=0 path=assets/images/short_phrase_dark_plate.png bytes=254840 cache=miss invalidated=0 stat=0.01ms hash=1.30ms hashed_bytes=254840 total=1.40ms
[2026-10-05 17:01:17.131] [info] [asset-digest-cache] hits=0 misses=2 invalidations=0 bytes_hashed=401608 lookup_ms=0.00 write_ms=0.01 full_hash_ms=5.14
[2026-10-05 17:01:17.131] [info] [plan-profile] read=0.19ms parse=0.10ms decode=6.96ms resolver=0.03ms compile_validate=6.01ms total=13.35ms
[2026-10-05 17:01:17.131] [info] [asset-profile] kind=3 path=assets/fonts/Inter-Bold.ttf bytes=146768 cache=hit invalidated=0 stat=0.01ms hash=0.00ms hashed_bytes=0 total=0.06ms
[2026-10-05 17:01:17.131] [info] [asset-profile] kind=0 path=assets/images/short_phrase_dark_plate.png bytes=254840 cache=hit invalidated=0 stat=0.01ms hash=0.00ms hashed_bytes=0 total=0.06ms
[2026-10-05 17:01:17.131] [info] [asset-digest-cache] hits=2 misses=0 invalidations=0 bytes_hashed=0 lookup_ms=0.00 write_ms=0.00 full_hash_ms=0.00
[2026-10-05 17:01:17.132] [info] [plan-compile-profile] assets=0.21ms fingerprint=0.09ms media_resolution=0.00ms materialize=0.09ms composition_compile=0.00ms compatibility_view=0.05ms total=0.61ms
[2026-10-05 17:01:17.132] [info] [video] Auto-selecting yuv420p pipe pixel format for 1920x1080 output
[2026-10-05 17:01:17.132] [info] [video] execution plan resolved (reason: required_gpu_native_full_graph); decode=1 composite=2 encode=1 interop=2 handoff=1 codec=3
[2026-10-05 17:01:17.149] [info] [video-runtime] created persistent runtime for device 0 (CUDA ordinal 0)
[2026-10-05 17:01:17.149] [info] [video] encoder feed capability: host_frame=false direct_yuv=false native_surface=true
[2026-10-05 17:01:17.352] [info] [native_av] CUDA context contract: native=0x5600b25fbf40 ffmpeg=0x5600b25fbf40
[2026-10-05 17:01:17.363] [info] [native_av] NVENC tuning applied: rc=constqp preset=slow async_depth=4 nvenc_surfaces=8 qp=18 bitrate=0
[h264_nvenc @ 0x5600b2587c80] Defined rc_lookahead requires more surfaces, increasing used surfaces 8 -> 34
[2026-10-05 17:01:17.443] [info] [native_av] encoder bitstream contract: codec=27 profile=100 level=-99 pix_fmt=119 parameter_sets=50 materialized=true
[2026-10-05 17:01:17.443] [info] [native_av] Opened native encoder: 1920x1080 @ 30fps, codec=h264_nvenc, rc=constqp, preset=slow, output='out/08_word_cascade_sentence.partial.mp4'
[2026-10-05 17:01:18.519] [info] ImageCache: loaded 'assets/images/short_phrase_dark_plate.png' (960x540) in 111.557ms
[2026-10-05 17:01:18.591] [info] [pool-warm] Pre-allocated and pre-imported 6 execution slots (1920x1080) for native NVENC
[2026-10-05 17:01:19.396] [info] chronon3d::vulkan text batch formats: dst_image.format=109 atlas_image.format=44 atlas_encoding=2 (shader contract: dst rgba32f, atlas rgba8)
[2026-10-05 17:01:19.397] [info] [temp-lifetime] frame=0 after_level=0 live=[1,2,] retired=[]
[2026-10-05 17:01:19.398] [info] [exec-level-diag] frame=0 level=0 nodes=2 input_ms=0.001 dispatch_ms=4.188 fb_release_ms=0.002
[2026-10-05 17:01:19.398] [info] [graph-edge] frame=0 level=1 consumer_id=3 input_index=0 producer_id=2 producer_level=0
[2026-10-05 17:01:19.399] [info] [temp-lifetime] frame=0 after_level=1 live=[1,3,] retired=[2,]
[2026-10-05 17:01:19.399] [info] [exec-level-diag] frame=0 level=1 nodes=1 input_ms=0.009 dispatch_ms=1.260 fb_release_ms=0.004
[2026-10-05 17:01:19.399] [info] [graph-edge] frame=0 level=2 consumer_id=4 input_index=0 producer_id=1 producer_level=0
[2026-10-05 17:01:19.399] [info] [graph-edge] frame=0 level=2 consumer_id=4 input_index=1 producer_id=3 producer_level=1
[2026-10-05 17:01:19.399] [info] [temp-lifetime] frame=0 after_level=2 live=[4,] retired=[1,3,]
[2026-10-05 17:01:19.399] [info] [exec-level-diag] frame=0 level=2 nodes=1 input_ms=0.012 dispatch_ms=0.082 fb_release_ms=0.002
[2026-10-05 17:01:19.399] [info] [video] Exporting via Arena-backed SIMD pipeline
[2026-10-05 17:01:19.403] [info] [temp-lifetime] frame=1 after_level=0 live=[1,2,] retired=[]
[2026-10-05 17:01:19.403] [info] [exec-level-diag] frame=1 level=0 nodes=2 input_ms=0.001 dispatch_ms=0.822 fb_release_ms=0.001
[2026-10-05 17:01:19.403] [info] [graph-edge] frame=1 level=1 consumer_id=3 input_index=0 producer_id=2 producer_level=0
[2026-10-05 17:01:19.403] [info] [temp-lifetime] frame=1 after_level=1 live=[1,3,] retired=[2,]
[2026-10-05 17:01:19.403] [info] [exec-level-diag] frame=1 level=1 nodes=1 input_ms=0.008 dispatch_ms=0.081 fb_release_ms=0.002
[2026-10-05 17:01:19.403] [info] [graph-edge] frame=1 level=2 consumer_id=4 input_index=0 producer_id=1 producer_level=0
[2026-10-05 17:01:19.403] [info] [graph-edge] frame=1 level=2 consumer_id=4 input_index=1 producer_id=3 producer_level=1
[2026-10-05 17:01:19.404] [info] [temp-lifetime] frame=1 after_level=2 live=[4,] retired=[1,3,]
[2026-10-05 17:01:19.404] [info] [exec-level-diag] frame=1 level=2 nodes=1 input_ms=0.011 dispatch_ms=0.065 fb_release_ms=0.002
[2026-10-05 17:01:19.407] [info] [temp-lifetime] frame=2 after_level=0 live=[1,2,] retired=[]
[2026-10-05 17:01:19.407] [info] [exec-level-diag] frame=2 level=0 nodes=2 input_ms=0.001 dispatch_ms=0.961 fb_release_ms=0.001
[2026-10-05 17:01:19.407] [info] [graph-edge] frame=2 level=1 consumer_id=3 input_index=0 producer_id=2 producer_level=0
[2026-10-05 17:01:19.407] [info] [temp-lifetime] frame=2 after_level=1 live=[1,3,] retired=[2,]
[2026-10-05 17:01:19.407] [info] [exec-level-diag] frame=2 level=1 nodes=1 input_ms=0.013 dispatch_ms=0.105 fb_release_ms=0.003
[2026-10-05 17:01:19.407] [info] [graph-edge] frame=2 level=2 consumer_id=4 input_index=0 producer_id=1 producer_level=0
[2026-10-05 17:01:19.407] [info] [graph-edge] frame=2 level=2 consumer_id=4 input_index=1 producer_id=3 producer_level=1
[2026-10-05 17:01:19.407] [info] [temp-lifetime] frame=2 after_level=2 live=[4,] retired=[1,3,]
[2026-10-05 17:01:19.407] [info] [exec-level-diag] frame=2 level=2 nodes=1 input_ms=0.021 dispatch_ms=0.101 fb_release_ms=0.002
[2026-10-05 17:01:19.417] [info] [video]   7/78 frames
[2026-10-05 17:01:19.437] [info] [video]   14/78 frames
[2026-10-05 17:01:19.449] [info] [video]   21/78 frames
[2026-10-05 17:01:19.459] [info] [vulkan-lifecycle] frame=25 vram_bytes=628195328 live_surfaces=13 surface_bindings=8 registry_live_handles=83 physical_images=13 deferred_releases=2 vma_allocations=65 surfaces_created=133 surfaces_released=125 queue_packages=1 execution_slots_busy=2 command_batch_active=false
[2026-10-05 17:01:19.462] [info] [video]   28/78 frames
[2026-10-05 17:01:19.477] [info] [video]   35/78 frames
[2026-10-05 17:01:19.520] [info] [video]   42/78 frames
[2026-10-05 17:01:19.570] [info] [video]   49/78 frames
[2026-10-05 17:01:19.584] [info] [vulkan-lifecycle] frame=50 vram_bytes=628195328 live_surfaces=13 surface_bindings=8 registry_live_handles=158 physical_images=13 deferred_releases=2 vma_allocations=70 surfaces_created=258 surfaces_released=250 queue_packages=1 execution_slots_busy=2 command_batch_active=false
[2026-10-05 17:01:19.619] [info] [video]   56/78 frames
[2026-10-05 17:01:19.668] [info] [video]   63/78 frames
[2026-10-05 17:01:19.717] [info] [video]   70/78 frames
[2026-10-05 17:01:19.759] [info] [vulkan-lifecycle] frame=75 vram_bytes=628195328 live_surfaces=13 surface_bindings=8 registry_live_handles=233 physical_images=13 deferred_releases=2 vma_allocations=75 surfaces_created=383 surfaces_released=375 queue_packages=1 execution_slots_busy=2 command_batch_active=false
[2026-10-05 17:01:19.766] [info] [video]   77/78 frames
[2026-10-05 17:01:19.773] [info] [video]   78/78 frames
[2026-10-05 17:01:19.785] [info] [video] writer join complete
[2026-10-05 17:01:19.785] [info] [drain-debug] start drain, capacity=6
[2026-10-05 17:01:19.785] [info] [drain-debug] slot_id=4 has completion, waiting
[2026-10-05 17:01:19.786] [info] [drain-debug] slot_id=4 wait complete
[2026-10-05 17:01:19.786] [info] [drain-debug] slot_id=5 has completion, waiting
[2026-10-05 17:01:19.791] [info] [drain-debug] slot_id=5 wait complete
[2026-10-05 17:01:19.792] [info] [drain-debug] reap done, busy_count=0
[2026-10-05 17:01:19.792] [info] [video] trimming framebuffer pool
[2026-10-05 17:01:19.792] [info] [video] Released framebuffer pool — memory trimmed
[2026-10-05 17:01:19.792] [info] [video] frame-loop cleanup complete
[2026-10-05 17:01:19.792] [info] [video] Encoder write blocked duration: 0.00 ms
[2026-10-05 17:01:19.792] [info] [video_diag] conversion_and_copy_duration_ms: 0 ms
[2026-10-05 17:01:19.792] [info] [video_diag] conversion_bytes_written=0 encoder_staging_copy_bytes=0 encoder_slot_reuses=0
[2026-10-05 17:01:19.792] [info] [native_av] close: sending encoder flush
[2026-10-05 17:01:19.881] [info] [native_av] close: encoder flush accepted
[2026-10-05 17:01:19.968] [info] [native_av] close: packets drained=true
[2026-10-05 17:01:19.968] [info] [native_av] close: finalizing mux session
[2026-10-05 17:01:19.968] [info] [native_av] close: mux session finalized
[2026-10-05 17:01:19.968] [info] [native_av] Closed native encoder — 78 frames accepted, encoder_packets=78 mux_packets=78 packet_pts=0..77, YUV cache: 0 hits / 0 misses
[2026-10-05 17:01:19.968] [info] [video_native] convert=7.19ms  send_frame=200.28ms  backpressure=0.00ms  flush=176.02ms  receive_packet=86.03ms  mux_write=1.97ms  trailer=0.53ms
[2026-10-05 17:01:19.970] [info] [video] render_ms=1162.93 encode_ms=190.16 writer_encode_ms=214.93 wall_ms=2837.49 nvml_stop_ms=0.17
[2026-10-05 17:01:19.970] [info] [video] FFmpeg queue wait duration: 0.31 ms
[2026-10-05 17:01:19.981] [info] [video] copy_eligible=true sha256=97b59ce9d2a4b254bfe76fa02f12d9de346dbc461b50019ed4fb2e2b089974f6
[2026-10-05 17:01:19.981] [info] [video] Wrote out/08_word_cascade_sentence.mp4
[2026-10-05 17:01:19.982] [info] [startup-profile] total=928.63ms logger=0.04ms cli_bootstrap=2.82ms cli_parse=0.00ms composition=0.10ms plan_read=0.19ms json_parse=0.10ms plan_decode_validate=6.96ms asset_resolve=0.03ms plan_compile=6.01ms other=0.00ms
[2026-10-05 17:01:19.989] [info] [video] Wrote exact per-frame timing sidecar: out/08_word_cascade_sentence.mp4.timing.json
[2026-10-05 17:01:20.074] [info] [INFO] job-lifecycle: slot_pool_close_ms=0.0 surface_release_ms=0.0
[2026-10-05 17:01:20.200] [info] [INFO] job-lifecycle: queue_close_ms=0.0 writer_join_ms=0.0 encoder_reset_ms=84.3 decoder_reset_ms=0.0 full_graph_reset_ms=125.9 sink_ctx_reset_ms=0.0 device_runtime_reset_ms=0.0 device_reservation_reset_ms=0.0
[2026-10-05 17:01:20.200] [info] [INFO] job-lifecycle: sidecar_write_ms=7.9 session_teardown_ms=210.4
[2026-10-05 17:01:20.208] [info] [INFO] job-lifecycle: execute_ms=3076.3 receipt_build_ms=0.0 receipt_write_ms=0.0 caller_tail_ms=0.0
