[2026-10-05 17:01:23.717] [info] [asset-profile] kind=3 path=assets/fonts/Inter-Bold.ttf bytes=146768 cache=miss invalidated=0 stat=0.01ms hash=3.37ms hashed_bytes=146768 total=3.47ms
[2026-10-05 17:01:23.719] [info] [asset-profile] kind=0 path=assets/images/short_phrase_dark_plate.png bytes=254840 cache=miss invalidated=0 stat=0.01ms hash=1.18ms hashed_bytes=254840 total=1.27ms
[2026-10-05 17:01:23.719] [info] [asset-digest-cache] hits=0 misses=2 invalidations=0 bytes_hashed=401608 lookup_ms=0.00 write_ms=0.01 full_hash_ms=4.55
[2026-10-05 17:01:23.719] [info] [plan-profile] read=0.20ms parse=0.09ms decode=6.56ms resolver=0.02ms compile_validate=5.57ms total=12.48ms
[2026-10-05 17:01:23.719] [info] [asset-profile] kind=3 path=assets/fonts/Inter-Bold.ttf bytes=146768 cache=hit invalidated=0 stat=0.01ms hash=0.00ms hashed_bytes=0 total=0.06ms
[2026-10-05 17:01:23.719] [info] [asset-profile] kind=0 path=assets/images/short_phrase_dark_plate.png bytes=254840 cache=hit invalidated=0 stat=0.01ms hash=0.00ms hashed_bytes=0 total=0.06ms
[2026-10-05 17:01:23.719] [info] [asset-digest-cache] hits=2 misses=0 invalidations=0 bytes_hashed=0 lookup_ms=0.00 write_ms=0.00 full_hash_ms=0.00
[2026-10-05 17:01:23.720] [info] [plan-compile-profile] assets=0.18ms fingerprint=0.08ms media_resolution=0.00ms materialize=0.11ms composition_compile=0.00ms compatibility_view=0.05ms total=0.58ms
[2026-10-05 17:01:23.720] [info] [video] Auto-selecting yuv420p pipe pixel format for 1920x1080 output
[2026-10-05 17:01:23.720] [info] [video] execution plan resolved (reason: required_gpu_native_full_graph); decode=1 composite=2 encode=1 interop=2 handoff=1 codec=3
[2026-10-05 17:01:23.737] [info] [video-runtime] created persistent runtime for device 0 (CUDA ordinal 0)
[2026-10-05 17:01:23.737] [info] [video] encoder feed capability: host_frame=false direct_yuv=false native_surface=true
[2026-10-05 17:01:23.942] [info] [native_av] CUDA context contract: native=0x55681b2ddad0 ffmpeg=0x55681b2ddad0
[2026-10-05 17:01:23.952] [info] [native_av] NVENC tuning applied: rc=constqp preset=slow async_depth=4 nvenc_surfaces=8 qp=18 bitrate=0
[h264_nvenc @ 0x55681b2fa180] Defined rc_lookahead requires more surfaces, increasing used surfaces 8 -> 34
[2026-10-05 17:01:24.030] [info] [native_av] encoder bitstream contract: codec=27 profile=100 level=-99 pix_fmt=119 parameter_sets=50 materialized=true
[2026-10-05 17:01:24.031] [info] [native_av] Opened native encoder: 1920x1080 @ 30fps, codec=h264_nvenc, rc=constqp, preset=slow, output='out/10_simple_progressive_phrase.partial.mp4'
[2026-10-05 17:01:24.961] [info] ImageCache: loaded 'assets/images/short_phrase_dark_plate.png' (960x540) in 112.088ms
[2026-10-05 17:01:25.032] [info] [pool-warm] Pre-allocated and pre-imported 6 execution slots (1920x1080) for native NVENC
[2026-10-05 17:01:26.215] [info] chronon3d::vulkan text batch formats: dst_image.format=109 atlas_image.format=44 atlas_encoding=2 (shader contract: dst rgba32f, atlas rgba8)
[2026-10-05 17:01:26.217] [info] [temp-lifetime] frame=0 after_level=0 live=[1,2,] retired=[]
[2026-10-05 17:01:26.217] [info] [exec-level-diag] frame=0 level=0 nodes=2 input_ms=0.001 dispatch_ms=4.686 fb_release_ms=0.002
[2026-10-05 17:01:26.217] [info] [graph-edge] frame=0 level=1 consumer_id=3 input_index=0 producer_id=2 producer_level=0
[2026-10-05 17:01:26.218] [info] [temp-lifetime] frame=0 after_level=1 live=[1,3,] retired=[2,]
[2026-10-05 17:01:26.218] [info] [exec-level-diag] frame=0 level=1 nodes=1 input_ms=0.009 dispatch_ms=1.087 fb_release_ms=0.003
[2026-10-05 17:01:26.218] [info] [graph-edge] frame=0 level=2 consumer_id=4 input_index=0 producer_id=1 producer_level=0
[2026-10-05 17:01:26.218] [info] [graph-edge] frame=0 level=2 consumer_id=4 input_index=1 producer_id=3 producer_level=1
[2026-10-05 17:01:26.218] [info] [temp-lifetime] frame=0 after_level=2 live=[4,] retired=[1,3,]
[2026-10-05 17:01:26.218] [info] [exec-level-diag] frame=0 level=2 nodes=1 input_ms=0.012 dispatch_ms=0.073 fb_release_ms=0.002
[2026-10-05 17:01:26.218] [info] [video] Exporting via Arena-backed SIMD pipeline
[2026-10-05 17:01:26.224] [info] [temp-lifetime] frame=1 after_level=0 live=[1,2,] retired=[]
[2026-10-05 17:01:26.224] [info] [exec-level-diag] frame=1 level=0 nodes=2 input_ms=0.001 dispatch_ms=1.916 fb_release_ms=0.001
[2026-10-05 17:01:26.224] [info] [graph-edge] frame=1 level=1 consumer_id=3 input_index=0 producer_id=2 producer_level=0
[2026-10-05 17:01:26.224] [info] [temp-lifetime] frame=1 after_level=1 live=[1,3,] retired=[2,]
[2026-10-05 17:01:26.224] [info] [exec-level-diag] frame=1 level=1 nodes=1 input_ms=0.007 dispatch_ms=0.073 fb_release_ms=0.002
[2026-10-05 17:01:26.224] [info] [graph-edge] frame=1 level=2 consumer_id=4 input_index=0 producer_id=1 producer_level=0
[2026-10-05 17:01:26.224] [info] [graph-edge] frame=1 level=2 consumer_id=4 input_index=1 producer_id=3 producer_level=1
[2026-10-05 17:01:26.224] [info] [temp-lifetime] frame=1 after_level=2 live=[4,] retired=[1,3,]
[2026-10-05 17:01:26.224] [info] [exec-level-diag] frame=1 level=2 nodes=1 input_ms=0.011 dispatch_ms=0.061 fb_release_ms=0.001
[2026-10-05 17:01:26.230] [info] [temp-lifetime] frame=2 after_level=0 live=[1,2,] retired=[]
[2026-10-05 17:01:26.230] [info] [exec-level-diag] frame=2 level=0 nodes=2 input_ms=0.001 dispatch_ms=2.186 fb_release_ms=0.001
[2026-10-05 17:01:26.230] [info] [graph-edge] frame=2 level=1 consumer_id=3 input_index=0 producer_id=2 producer_level=0
[2026-10-05 17:01:26.231] [info] [temp-lifetime] frame=2 after_level=1 live=[1,3,] retired=[2,]
[2026-10-05 17:01:26.231] [info] [exec-level-diag] frame=2 level=1 nodes=1 input_ms=0.009 dispatch_ms=0.078 fb_release_ms=0.002
[2026-10-05 17:01:26.231] [info] [graph-edge] frame=2 level=2 consumer_id=4 input_index=0 producer_id=1 producer_level=0
[2026-10-05 17:01:26.231] [info] [graph-edge] frame=2 level=2 consumer_id=4 input_index=1 producer_id=3 producer_level=1
[2026-10-05 17:01:26.231] [info] [temp-lifetime] frame=2 after_level=2 live=[4,] retired=[1,3,]
[2026-10-05 17:01:26.231] [info] [exec-level-diag] frame=2 level=2 nodes=1 input_ms=0.012 dispatch_ms=0.075 fb_release_ms=0.002
[2026-10-05 17:01:26.240] [info] [video]   6/66 frames
[2026-10-05 17:01:26.254] [info] [video]   12/66 frames
[2026-10-05 17:01:26.268] [info] [video]   18/66 frames
[2026-10-05 17:01:26.280] [info] [video]   24/66 frames
[2026-10-05 17:01:26.284] [info] [vulkan-lifecycle] frame=25 vram_bytes=493977600 live_surfaces=13 surface_bindings=8 registry_live_handles=83 physical_images=13 deferred_releases=2 vma_allocations=50 surfaces_created=133 surfaces_released=125 queue_packages=1 execution_slots_busy=2 command_batch_active=false
[2026-10-05 17:01:26.291] [info] [video]   30/66 frames
[2026-10-05 17:01:26.305] [info] [video]   36/66 frames
[2026-10-05 17:01:26.346] [info] [video]   42/66 frames
[2026-10-05 17:01:26.389] [info] [video]   48/66 frames
[2026-10-05 17:01:26.409] [info] [vulkan-lifecycle] frame=50 vram_bytes=628195328 live_surfaces=13 surface_bindings=8 registry_live_handles=158 physical_images=13 deferred_releases=2 vma_allocations=60 surfaces_created=258 surfaces_released=250 queue_packages=1 execution_slots_busy=2 command_batch_active=false
[2026-10-05 17:01:26.430] [info] [video]   54/66 frames
[2026-10-05 17:01:26.472] [info] [video]   60/66 frames
[2026-10-05 17:01:26.514] [info] [video]   66/66 frames
[2026-10-05 17:01:26.527] [info] [video] writer join complete
[2026-10-05 17:01:26.527] [info] [drain-debug] start drain, capacity=6
[2026-10-05 17:01:26.527] [info] [drain-debug] slot_id=4 has completion, waiting
[2026-10-05 17:01:26.527] [info] [drain-debug] slot_id=4 wait complete
[2026-10-05 17:01:26.527] [info] [drain-debug] slot_id=5 has completion, waiting
[2026-10-05 17:01:26.533] [info] [drain-debug] slot_id=5 wait complete
[2026-10-05 17:01:26.533] [info] [drain-debug] reap done, busy_count=0
[2026-10-05 17:01:26.533] [info] [video] trimming framebuffer pool
[2026-10-05 17:01:26.533] [info] [video] Released framebuffer pool — memory trimmed
[2026-10-05 17:01:26.533] [info] [video] frame-loop cleanup complete
[2026-10-05 17:01:26.533] [info] [video] Encoder write blocked duration: 0.00 ms
[2026-10-05 17:01:26.533] [info] [video_diag] conversion_and_copy_duration_ms: 0 ms
[2026-10-05 17:01:26.533] [info] [video_diag] conversion_bytes_written=0 encoder_staging_copy_bytes=0 encoder_slot_reuses=0
[2026-10-05 17:01:26.533] [info] [native_av] close: sending encoder flush
[2026-10-05 17:01:26.633] [info] [native_av] close: encoder flush accepted
[2026-10-05 17:01:26.720] [info] [native_av] close: packets drained=true
[2026-10-05 17:01:26.720] [info] [native_av] close: finalizing mux session
[2026-10-05 17:01:26.720] [info] [native_av] close: mux session finalized
[2026-10-05 17:01:26.720] [info] [native_av] Closed native encoder — 66 frames accepted, encoder_packets=66 mux_packets=66 packet_pts=0..65, YUV cache: 0 hits / 0 misses
[2026-10-05 17:01:26.720] [info] [video_native] convert=7.38ms  send_frame=149.08ms  backpressure=0.00ms  flush=187.25ms  receive_packet=85.89ms  mux_write=1.74ms  trailer=0.49ms
[2026-10-05 17:01:26.721] [info] [video] render_ms=1464.59 encode_ms=200.24 writer_encode_ms=160.59 wall_ms=3001.34 nvml_stop_ms=0.14
[2026-10-05 17:01:26.721] [info] [video] FFmpeg queue wait duration: 0.29 ms
[2026-10-05 17:01:26.733] [info] [video] copy_eligible=true sha256=171159ae765304a66c75e0570efb73c444dd3403eb150029c357669e957c92b9
[2026-10-05 17:01:26.733] [info] [video] Wrote out/10_simple_progressive_phrase.mp4
[2026-10-05 17:01:26.733] [info] [startup-profile] total=855.24ms logger=0.05ms cli_bootstrap=2.74ms cli_parse=0.00ms composition=0.10ms plan_read=0.20ms json_parse=0.09ms plan_decode_validate=6.56ms asset_resolve=0.02ms plan_compile=5.57ms other=0.00ms
[2026-10-05 17:01:26.739] [info] [video] Wrote exact per-frame timing sidecar: out/10_simple_progressive_phrase.mp4.timing.json
[2026-10-05 17:01:26.828] [info] [INFO] job-lifecycle: slot_pool_close_ms=0.0 surface_release_ms=0.0
[2026-10-05 17:01:26.949] [info] [INFO] job-lifecycle: queue_close_ms=0.0 writer_join_ms=0.0 encoder_reset_ms=88.7 decoder_reset_ms=0.0 full_graph_reset_ms=121.2 sink_ctx_reset_ms=0.0 device_runtime_reset_ms=0.0 device_reservation_reset_ms=0.0
[2026-10-05 17:01:26.950] [info] [INFO] job-lifecycle: sidecar_write_ms=6.7 session_teardown_ms=210.1
[2026-10-05 17:01:26.958] [info] [INFO] job-lifecycle: execute_ms=3238.1 receipt_build_ms=0.0 receipt_write_ms=0.0 caller_tail_ms=0.0
