[2026-10-05 17:01:35.616] [info] [asset-profile] kind=3 path=assets/fonts/Inter-Bold.ttf bytes=146768 cache=miss invalidated=0 stat=0.01ms hash=5.11ms hashed_bytes=146768 total=5.25ms
[2026-10-05 17:01:35.618] [info] [asset-profile] kind=0 path=assets/images/short_phrase_dark_plate.png bytes=254840 cache=miss invalidated=0 stat=0.01ms hash=1.22ms hashed_bytes=254840 total=1.33ms
[2026-10-05 17:01:35.618] [info] [asset-digest-cache] hits=0 misses=2 invalidations=0 bytes_hashed=401608 lookup_ms=0.00 write_ms=0.01 full_hash_ms=6.33
[2026-10-05 17:01:35.618] [info] [plan-profile] read=0.21ms parse=0.15ms decode=11.36ms resolver=0.03ms compile_validate=7.68ms total=19.49ms
[2026-10-05 17:01:35.618] [info] [asset-profile] kind=3 path=assets/fonts/Inter-Bold.ttf bytes=146768 cache=hit invalidated=0 stat=0.01ms hash=0.00ms hashed_bytes=0 total=0.06ms
[2026-10-05 17:01:35.618] [info] [asset-profile] kind=0 path=assets/images/short_phrase_dark_plate.png bytes=254840 cache=hit invalidated=0 stat=0.01ms hash=0.00ms hashed_bytes=0 total=0.15ms
[2026-10-05 17:01:35.618] [info] [asset-digest-cache] hits=2 misses=0 invalidations=0 bytes_hashed=0 lookup_ms=0.00 write_ms=0.00 full_hash_ms=0.00
[2026-10-05 17:01:35.619] [info] [plan-compile-profile] assets=0.29ms fingerprint=0.12ms media_resolution=0.00ms materialize=0.10ms composition_compile=0.00ms compatibility_view=0.06ms total=0.73ms
[2026-10-05 17:01:35.619] [info] [video] Auto-selecting yuv420p pipe pixel format for 1920x1080 output
[2026-10-05 17:01:35.619] [info] [video] execution plan resolved (reason: required_gpu_native_full_graph); decode=1 composite=2 encode=1 interop=2 handoff=1 codec=3
[2026-10-05 17:01:35.637] [info] [video-runtime] created persistent runtime for device 0 (CUDA ordinal 0)
[2026-10-05 17:01:35.638] [info] [video] encoder feed capability: host_frame=false direct_yuv=false native_surface=true
[2026-10-05 17:01:35.842] [info] [native_av] CUDA context contract: native=0x5633f7179500 ffmpeg=0x5633f7179500
[2026-10-05 17:01:35.852] [info] [native_av] NVENC tuning applied: rc=constqp preset=slow async_depth=4 nvenc_surfaces=8 qp=18 bitrate=0
[h264_nvenc @ 0x5633f7128080] Defined rc_lookahead requires more surfaces, increasing used surfaces 8 -> 34
[2026-10-05 17:01:35.935] [info] [native_av] encoder bitstream contract: codec=27 profile=100 level=-99 pix_fmt=119 parameter_sets=50 materialized=true
[2026-10-05 17:01:35.935] [info] [native_av] Opened native encoder: 1920x1080 @ 30fps, codec=h264_nvenc, rc=constqp, preset=slow, output='out/12_character_write_on.partial.mp4'
[2026-10-05 17:01:36.950] [info] ImageCache: loaded 'assets/images/short_phrase_dark_plate.png' (960x540) in 109.784ms
[2026-10-05 17:01:37.019] [info] [pool-warm] Pre-allocated and pre-imported 6 execution slots (1920x1080) for native NVENC
[2026-10-05 17:01:37.612] [info] chronon3d::vulkan text batch formats: dst_image.format=109 atlas_image.format=44 atlas_encoding=2 (shader contract: dst rgba32f, atlas rgba8)
[2026-10-05 17:01:37.614] [info] [temp-lifetime] frame=0 after_level=0 live=[1,2,] retired=[]
[2026-10-05 17:01:37.614] [info] [exec-level-diag] frame=0 level=0 nodes=2 input_ms=0.001 dispatch_ms=5.317 fb_release_ms=0.002
[2026-10-05 17:01:37.614] [info] [graph-edge] frame=0 level=1 consumer_id=3 input_index=0 producer_id=2 producer_level=0
[2026-10-05 17:01:37.616] [info] [temp-lifetime] frame=0 after_level=1 live=[1,3,] retired=[2,]
[2026-10-05 17:01:37.616] [info] [exec-level-diag] frame=0 level=1 nodes=1 input_ms=0.016 dispatch_ms=1.764 fb_release_ms=0.005
[2026-10-05 17:01:37.616] [info] [graph-edge] frame=0 level=2 consumer_id=4 input_index=0 producer_id=1 producer_level=0
[2026-10-05 17:01:37.616] [info] [graph-edge] frame=0 level=2 consumer_id=4 input_index=1 producer_id=3 producer_level=1
[2026-10-05 17:01:37.616] [info] [temp-lifetime] frame=0 after_level=2 live=[4,] retired=[1,3,]
[2026-10-05 17:01:37.616] [info] [exec-level-diag] frame=0 level=2 nodes=1 input_ms=0.026 dispatch_ms=0.127 fb_release_ms=0.003
[2026-10-05 17:01:37.617] [info] [video] Exporting via Arena-backed SIMD pipeline
[2026-10-05 17:01:37.619] [info] [temp-lifetime] frame=1 after_level=0 live=[1,2,] retired=[]
[2026-10-05 17:01:37.619] [info] [exec-level-diag] frame=1 level=0 nodes=2 input_ms=0.001 dispatch_ms=0.878 fb_release_ms=0.001
[2026-10-05 17:01:37.619] [info] [graph-edge] frame=1 level=1 consumer_id=3 input_index=0 producer_id=2 producer_level=0
[2026-10-05 17:01:37.620] [info] [temp-lifetime] frame=1 after_level=1 live=[1,3,] retired=[2,]
[2026-10-05 17:01:37.620] [info] [exec-level-diag] frame=1 level=1 nodes=1 input_ms=0.012 dispatch_ms=0.100 fb_release_ms=0.003
[2026-10-05 17:01:37.620] [info] [graph-edge] frame=1 level=2 consumer_id=4 input_index=0 producer_id=1 producer_level=0
[2026-10-05 17:01:37.620] [info] [graph-edge] frame=1 level=2 consumer_id=4 input_index=1 producer_id=3 producer_level=1
[2026-10-05 17:01:37.620] [info] [temp-lifetime] frame=1 after_level=2 live=[4,] retired=[1,3,]
[2026-10-05 17:01:37.620] [info] [exec-level-diag] frame=1 level=2 nodes=1 input_ms=0.022 dispatch_ms=0.092 fb_release_ms=0.002
[2026-10-05 17:01:37.623] [info] [temp-lifetime] frame=2 after_level=0 live=[1,2,] retired=[]
[2026-10-05 17:01:37.623] [info] [exec-level-diag] frame=2 level=0 nodes=2 input_ms=0.001 dispatch_ms=0.948 fb_release_ms=0.001
[2026-10-05 17:01:37.623] [info] [graph-edge] frame=2 level=1 consumer_id=3 input_index=0 producer_id=2 producer_level=0
[2026-10-05 17:01:37.623] [info] [temp-lifetime] frame=2 after_level=1 live=[1,3,] retired=[2,]
[2026-10-05 17:01:37.623] [info] [exec-level-diag] frame=2 level=1 nodes=1 input_ms=0.013 dispatch_ms=0.116 fb_release_ms=0.003
[2026-10-05 17:01:37.623] [info] [graph-edge] frame=2 level=2 consumer_id=4 input_index=0 producer_id=1 producer_level=0
[2026-10-05 17:01:37.623] [info] [graph-edge] frame=2 level=2 consumer_id=4 input_index=1 producer_id=3 producer_level=1
[2026-10-05 17:01:37.624] [info] [temp-lifetime] frame=2 after_level=2 live=[4,] retired=[1,3,]
[2026-10-05 17:01:37.624] [info] [exec-level-diag] frame=2 level=2 nodes=1 input_ms=0.022 dispatch_ms=0.110 fb_release_ms=0.003
[2026-10-05 17:01:37.634] [info] [video]   7/72 frames
[2026-10-05 17:01:37.657] [info] [video]   14/72 frames
[2026-10-05 17:01:37.674] [info] [video]   21/72 frames
[2026-10-05 17:01:37.687] [info] [vulkan-lifecycle] frame=25 vram_bytes=628195328 live_surfaces=13 surface_bindings=8 registry_live_handles=83 physical_images=13 deferred_releases=2 vma_allocations=75 surfaces_created=133 surfaces_released=125 queue_packages=1 execution_slots_busy=2 command_batch_active=false
[2026-10-05 17:01:37.691] [info] [video]   28/72 frames
[2026-10-05 17:01:37.707] [info] [video]   35/72 frames
[2026-10-05 17:01:37.750] [info] [video]   42/72 frames
[2026-10-05 17:01:37.799] [info] [video]   49/72 frames
[2026-10-05 17:01:37.813] [info] [vulkan-lifecycle] frame=50 vram_bytes=628195328 live_surfaces=13 surface_bindings=8 registry_live_handles=158 physical_images=13 deferred_releases=2 vma_allocations=75 surfaces_created=258 surfaces_released=250 queue_packages=1 execution_slots_busy=2 command_batch_active=false
[2026-10-05 17:01:37.848] [info] [video]   56/72 frames
[2026-10-05 17:01:37.897] [info] [video]   63/72 frames
[2026-10-05 17:01:37.945] [info] [video]   70/72 frames
[2026-10-05 17:01:37.960] [info] [video]   72/72 frames
[2026-10-05 17:01:37.973] [info] [video] writer join complete
[2026-10-05 17:01:37.973] [info] [drain-debug] start drain, capacity=6
[2026-10-05 17:01:37.973] [info] [drain-debug] slot_id=4 has completion, waiting
[2026-10-05 17:01:37.973] [info] [drain-debug] slot_id=4 wait complete
[2026-10-05 17:01:37.973] [info] [drain-debug] slot_id=5 has completion, waiting
[2026-10-05 17:01:37.978] [info] [drain-debug] slot_id=5 wait complete
[2026-10-05 17:01:37.978] [info] [drain-debug] reap done, busy_count=0
[2026-10-05 17:01:37.978] [info] [video] trimming framebuffer pool
[2026-10-05 17:01:37.978] [info] [video] Released framebuffer pool — memory trimmed
[2026-10-05 17:01:37.978] [info] [video] frame-loop cleanup complete
[2026-10-05 17:01:37.978] [info] [video] Encoder write blocked duration: 0.00 ms
[2026-10-05 17:01:37.978] [info] [video_diag] conversion_and_copy_duration_ms: 0 ms
[2026-10-05 17:01:37.978] [info] [video_diag] conversion_bytes_written=0 encoder_staging_copy_bytes=0 encoder_slot_reuses=0
[2026-10-05 17:01:37.978] [info] [native_av] close: sending encoder flush
[2026-10-05 17:01:38.070] [info] [native_av] close: encoder flush accepted
[2026-10-05 17:01:38.156] [info] [native_av] close: packets drained=true
[2026-10-05 17:01:38.156] [info] [native_av] close: finalizing mux session
[2026-10-05 17:01:38.157] [info] [native_av] close: mux session finalized
[2026-10-05 17:01:38.157] [info] [native_av] Closed native encoder — 72 frames accepted, encoder_packets=72 mux_packets=72 packet_pts=0..71, YUV cache: 0 hits / 0 misses
[2026-10-05 17:01:38.157] [info] [video_native] convert=6.94ms  send_frame=179.71ms  backpressure=0.00ms  flush=178.20ms  receive_packet=85.87ms  mux_write=1.82ms  trailer=0.42ms
[2026-10-05 17:01:38.158] [info] [video] render_ms=922.62 encode_ms=191.30 writer_encode_ms=198.64 wall_ms=2538.86 nvml_stop_ms=0.23
[2026-10-05 17:01:38.158] [info] [video] FFmpeg queue wait duration: 0.35 ms
[2026-10-05 17:01:38.171] [info] [video] copy_eligible=true sha256=b9d92ab9a771f27caebfe96aeee3098f030c1acfa72e09d601693b3bf4b87f7c
[2026-10-05 17:01:38.171] [info] [video] Wrote out/12_character_write_on.mp4
[2026-10-05 17:01:38.171] [info] [startup-profile] total=906.91ms logger=0.05ms cli_bootstrap=4.50ms cli_parse=0.00ms composition=0.14ms plan_read=0.21ms json_parse=0.15ms plan_decode_validate=11.36ms asset_resolve=0.03ms plan_compile=7.68ms other=0.00ms
[2026-10-05 17:01:38.178] [info] [video] Wrote exact per-frame timing sidecar: out/12_character_write_on.mp4.timing.json
[2026-10-05 17:01:38.253] [info] [INFO] job-lifecycle: slot_pool_close_ms=0.0 surface_release_ms=0.0
[2026-10-05 17:01:38.409] [info] [INFO] job-lifecycle: queue_close_ms=0.0 writer_join_ms=0.0 encoder_reset_ms=73.8 decoder_reset_ms=0.0 full_graph_reset_ms=156.7 sink_ctx_reset_ms=0.0 device_runtime_reset_ms=0.0 device_reservation_reset_ms=0.0
[2026-10-05 17:01:38.410] [info] [INFO] job-lifecycle: sidecar_write_ms=7.5 session_teardown_ms=230.9
[2026-10-05 17:01:38.419] [info] [INFO] job-lifecycle: execute_ms=2799.9 receipt_build_ms=0.0 receipt_write_ms=0.0 caller_tail_ms=0.0
